// Jest Snapshot v1, https://goo.gl/fbAQLP

exports[`NavBar renders NavBar component 1`] = `undefined`;
